// Jest Snapshot v1, https://goo.gl/fbAQLP

exports[`Test Calculator Page is rendered 1`] = `Promise {}`;
